<html>
<body>
<pre>
<h1>µVision Build Log</h1>
<h2>Tool Versions:</h2>
IDE-Version: ¦ÌVision V5.28.0.0
Copyright (C) 2019 ARM Ltd and ARM Germany GmbH. All rights reserved.
License Information: asd asus, asd, LIC=HN0AE-56DSD-DY3V3-AD2NN-XIRF0-3H5NX
 
Tool Versions:
Toolchain:       MDK-ARM Plus  Version: 5.28.0.0
Toolchain Path:  C:\Keil_v5\ARM\ARMCLANG\Bin
C Compiler:      ArmClang.exe V6.12
Assembler:       Armasm.exe V6.12
Linker/Locator:  ArmLink.exe V6.12
Library Manager: ArmAr.exe V6.12
Hex Converter:   FromElf.exe V6.12
CPU DLL:         SARMCM3.DLL V5.28.0.0
Dialog DLL:      DCM.DLL V1.17.3.0
Target DLL:      CMSIS_AGDI.dll V1.31.18.0
Dialog DLL:      TCM.DLL V1.36.2.0
 
<h2>Project:</h2>
C:\Users\asus\Desktop\car\RT1064_Library-master\SeekFree_RT1064_Opensource_Library\project\mdk\rt1064.uvprojx
Project File Date:  09/12/2023

<h2>Output:</h2>
*** Using Compiler 'V6.12', folder: 'C:\Keil_v5\ARM\ARMCLANG\Bin'
Build target 'nor_sdram_zf_dtcm'
compiling main.c...
linking...
Program Size: Code=44808 RO-data=4716 RW-data=156 ZI-data=11008  
".\Objects\rt1064.axf" - 0 Error(s), 0 Warning(s).

<h2>Software Packages used:</h2>

Package Vendor: NXP
                https://mcuxpresso.nxp.com/cmsis_pack/repo/NXP.MIMXRT1064_DFP.16.0.0.pack
                NXP.MIMXRT1064_DFP.16.0.0
                Device Family Pack for MIMXRT1064

<h2>Collection of Component include folders:</h2>
  .\RTE\_nor_sdram_zf_dtcm
  C:\Users\asus\AppData\Local\Arm\Packs\NXP\MIMXRT1064_DFP\16.0.0

<h2>Collection of Component Files used:</h2>
Build Time Elapsed:  00:00:02
</pre>
</body>
</html>
